// Validating benchmarks:
// ***** BenchmarkRunner: Start   *****
// ***** Found 5 benchmark(s) in total *****
// ***** Building 1 exe(s) in Parallel: Start   *****
// start dotnet  restore --nodeReuse:false /p:UseSharedCompilation=false /p:Deterministic=true /p:Optimize=true /p:ArtifactsPath="F:\Projects\Mediana\benchmarks\Mediana.Benchmarks\bin\Release\net10.0\Mediana.Benchmarks-ShortRun-1/" /p:OutDir="F:\Projects\Mediana\benchmarks\Mediana.Benchmarks\bin\Release\net10.0\Mediana.Benchmarks-ShortRun-1\bin\Release\net10.0/" /p:OutputPath="F:\Projects\Mediana\benchmarks\Mediana.Benchmarks\bin\Release\net10.0\Mediana.Benchmarks-ShortRun-1\bin\Release\net10.0/" /p:PublishDir="F:\Projects\Mediana\benchmarks\Mediana.Benchmarks\bin\Release\net10.0\Mediana.Benchmarks-ShortRun-1\publish/" in F:\Projects\Mediana\benchmarks\Mediana.Benchmarks\bin\Release\net10.0\Mediana.Benchmarks-ShortRun-1
// command took 1.6 sec and exited with 0
// start dotnet  build -c Release --no-restore --nodeReuse:false /p:UseSharedCompilation=false /p:Deterministic=true /p:Optimize=true /p:ArtifactsPath="F:\Projects\Mediana\benchmarks\Mediana.Benchmarks\bin\Release\net10.0\Mediana.Benchmarks-ShortRun-1/" /p:OutDir="F:\Projects\Mediana\benchmarks\Mediana.Benchmarks\bin\Release\net10.0\Mediana.Benchmarks-ShortRun-1\bin\Release\net10.0/" /p:OutputPath="F:\Projects\Mediana\benchmarks\Mediana.Benchmarks\bin\Release\net10.0\Mediana.Benchmarks-ShortRun-1\bin\Release\net10.0/" /p:PublishDir="F:\Projects\Mediana\benchmarks\Mediana.Benchmarks\bin\Release\net10.0\Mediana.Benchmarks-ShortRun-1\publish/" --output "F:\Projects\Mediana\benchmarks\Mediana.Benchmarks\bin\Release\net10.0\Mediana.Benchmarks-ShortRun-1\bin\Release\net10.0/" in F:\Projects\Mediana\benchmarks\Mediana.Benchmarks\bin\Release\net10.0\Mediana.Benchmarks-ShortRun-1
// command took 5.62 sec and exited with 0
// ***** Done, took 00:00:07 (7.26 sec)   *****
// Found 5 benchmarks:
//   DispatchBenchmarks.MediatR_Send: ShortRun(IterationCount=3, LaunchCount=1, WarmupCount=3)
//   DispatchBenchmarks.Mediana_Send: ShortRun(IterationCount=3, LaunchCount=1, WarmupCount=3)
//   DispatchBenchmarks.Mediana_Query: ShortRun(IterationCount=3, LaunchCount=1, WarmupCount=3)
//   DispatchBenchmarks.MediatR_Publish: ShortRun(IterationCount=3, LaunchCount=1, WarmupCount=3)
//   DispatchBenchmarks.Mediana_Publish: ShortRun(IterationCount=3, LaunchCount=1, WarmupCount=3)

Setup power plan (GUID: 8c5e7fda-e8bf-4a96-9a85-a6e23a8c635c FriendlyName: High performance)
// **************************
// Benchmark: DispatchBenchmarks.MediatR_Send: ShortRun(IterationCount=3, LaunchCount=1, WarmupCount=3)
// *** Execute ***
// Launch: 1 / 1
// Execute: dotnet Mediana.Benchmarks-ShortRun-1.dll --anonymousPipes 1944 1936 --benchmarkName Mediana.Benchmarks.DispatchBenchmarks.MediatR_Send --job ShortRun --benchmarkId 0 in F:\Projects\Mediana\benchmarks\Mediana.Benchmarks\bin\Release\net10.0\Mediana.Benchmarks-ShortRun-1\bin\Release\net10.0
// BeforeAnythingElse

// Benchmark Process Environment Information:
// BenchmarkDotNet v0.15.8
// Runtime=.NET 10.0.10 (10.0.10, 10.0.1026.32716), X64 RyuJIT x86-64-v4
// GC=Concurrent Workstation
// HardwareIntrinsics=AVX512 BITALG+VBMI2+VNNI+VPOPCNTDQ,AVX512 IFMA+VBMI,AVX512 F+BW+CD+DQ+VL,AVX2+BMI1+BMI2+F16C+FMA+LZCNT+MOVBE,AVX,SSE3+SSSE3+SSE4.1+SSE4.2+POPCNT,X86Base+SSE+SSE2,AES+PCLMUL,AvxVnni VectorSize=256
// Job: ShortRun(IterationCount=3, LaunchCount=1, WarmupCount=3)

OverheadJitting  1: 1 op, 140900.00 ns, 140.9000 us/op
WorkloadJitting  1: 1 op, 1991400.00 ns, 1.9914 ms/op

OverheadJitting  2: 16 op, 251900.00 ns, 15.7438 us/op
WorkloadJitting  2: 16 op, 959800.00 ns, 59.9875 us/op

WorkloadPilot    1: 16 op, 23600.00 ns, 1.4750 us/op
WorkloadPilot    2: 32 op, 214600.00 ns, 6.7063 us/op
WorkloadPilot    3: 64 op, 32800.00 ns, 512.5000 ns/op
WorkloadPilot    4: 128 op, 43300.00 ns, 338.2813 ns/op
WorkloadPilot    5: 256 op, 106800.00 ns, 417.1875 ns/op
WorkloadPilot    6: 512 op, 209000.00 ns, 408.2031 ns/op
WorkloadPilot    7: 1024 op, 371500.00 ns, 362.7930 ns/op
WorkloadPilot    8: 2048 op, 704600.00 ns, 344.0430 ns/op
WorkloadPilot    9: 4096 op, 1412000.00 ns, 344.7266 ns/op
WorkloadPilot   10: 8192 op, 2726100.00 ns, 332.7759 ns/op
WorkloadPilot   11: 16384 op, 5778800.00 ns, 352.7100 ns/op
WorkloadPilot   12: 32768 op, 11641600.00 ns, 355.2734 ns/op
WorkloadPilot   13: 65536 op, 21365000.00 ns, 326.0040 ns/op
WorkloadPilot   14: 131072 op, 37204600.00 ns, 283.8486 ns/op
WorkloadPilot   15: 262144 op, 69277800.00 ns, 264.2738 ns/op
WorkloadPilot   16: 524288 op, 96677600.00 ns, 184.3979 ns/op
WorkloadPilot   17: 1048576 op, 110701400.00 ns, 105.5731 ns/op
WorkloadPilot   18: 2097152 op, 179520300.00 ns, 85.6019 ns/op
WorkloadPilot   19: 4194304 op, 371836600.00 ns, 88.6528 ns/op
WorkloadPilot   20: 8388608 op, 752576600.00 ns, 89.7141 ns/op

OverheadWarmup   1: 8388608 op, 11303300.00 ns, 1.3475 ns/op
OverheadWarmup   2: 8388608 op, 11038000.00 ns, 1.3158 ns/op
OverheadWarmup   3: 8388608 op, 11119500.00 ns, 1.3255 ns/op
OverheadWarmup   4: 8388608 op, 11049800.00 ns, 1.3172 ns/op
OverheadWarmup   5: 8388608 op, 11212200.00 ns, 1.3366 ns/op
OverheadWarmup   6: 8388608 op, 11375500.00 ns, 1.3561 ns/op
OverheadWarmup   7: 8388608 op, 11261600.00 ns, 1.3425 ns/op

OverheadActual   1: 8388608 op, 11227200.00 ns, 1.3384 ns/op
OverheadActual   2: 8388608 op, 10961100.00 ns, 1.3067 ns/op
OverheadActual   3: 8388608 op, 11108400.00 ns, 1.3242 ns/op
OverheadActual   4: 8388608 op, 11125900.00 ns, 1.3263 ns/op
OverheadActual   5: 8388608 op, 11108300.00 ns, 1.3242 ns/op
OverheadActual   6: 8388608 op, 11146200.00 ns, 1.3287 ns/op
OverheadActual   7: 8388608 op, 11061300.00 ns, 1.3186 ns/op
OverheadActual   8: 8388608 op, 11027700.00 ns, 1.3146 ns/op
OverheadActual   9: 8388608 op, 11158700.00 ns, 1.3302 ns/op
OverheadActual  10: 8388608 op, 11040300.00 ns, 1.3161 ns/op
OverheadActual  11: 8388608 op, 11128200.00 ns, 1.3266 ns/op
OverheadActual  12: 8388608 op, 11054200.00 ns, 1.3178 ns/op
OverheadActual  13: 8388608 op, 11163700.00 ns, 1.3308 ns/op
OverheadActual  14: 8388608 op, 11234500.00 ns, 1.3393 ns/op
OverheadActual  15: 8388608 op, 11218500.00 ns, 1.3373 ns/op

WorkloadWarmup   1: 8388608 op, 753360100.00 ns, 89.8075 ns/op
WorkloadWarmup   2: 8388608 op, 869219200.00 ns, 103.6190 ns/op
WorkloadWarmup   3: 8388608 op, 825252400.00 ns, 98.3778 ns/op

// BeforeActualRun
WorkloadActual   1: 8388608 op, 806118800.00 ns, 96.0968 ns/op
WorkloadActual   2: 8388608 op, 783890500.00 ns, 93.4470 ns/op
WorkloadActual   3: 8388608 op, 842056600.00 ns, 100.3810 ns/op

// AfterActualRun
WorkloadResult   1: 8388608 op, 794992900.00 ns, 94.7705 ns/op
WorkloadResult   2: 8388608 op, 772764600.00 ns, 92.1207 ns/op
WorkloadResult   3: 8388608 op, 830930700.00 ns, 99.0547 ns/op
// GC:  85 0 0 4294967296 8388608
// Threading:  0 0 8388608

// AfterAll
// Benchmark Process 66556 has exited with code 0.

Mean = 95.315 ns, StdErr = 2.020 ns (2.12%), N = 3, StdDev = 3.499 ns
Min = 92.121 ns, Q1 = 93.446 ns, Median = 94.771 ns, Q3 = 96.913 ns, Max = 99.055 ns
IQR = 3.467 ns, LowerFence = 88.245 ns, UpperFence = 102.113 ns
ConfidenceInterval = [31.482 ns; 159.149 ns] (CI 99.9%), Margin = 63.833 ns (66.97% of Mean)
Skewness = 0.15, Kurtosis = 0.67, MValue = 2

// ** Remained 4 (80,0 %) benchmark(s) to run. Estimated finish 2026-09-01 21:46 (0h 0m from now) **
Setup power plan (GUID: 8c5e7fda-e8bf-4a96-9a85-a6e23a8c635c FriendlyName: High performance)
// **************************
// Benchmark: DispatchBenchmarks.Mediana_Send: ShortRun(IterationCount=3, LaunchCount=1, WarmupCount=3)
// *** Execute ***
// Launch: 1 / 1
// Execute: dotnet Mediana.Benchmarks-ShortRun-1.dll --anonymousPipes 1992 1988 --benchmarkName Mediana.Benchmarks.DispatchBenchmarks.Mediana_Send --job ShortRun --benchmarkId 1 in F:\Projects\Mediana\benchmarks\Mediana.Benchmarks\bin\Release\net10.0\Mediana.Benchmarks-ShortRun-1\bin\Release\net10.0
// BeforeAnythingElse

// Benchmark Process Environment Information:
// BenchmarkDotNet v0.15.8
// Runtime=.NET 10.0.10 (10.0.10, 10.0.1026.32716), X64 RyuJIT x86-64-v4
// GC=Concurrent Workstation
// HardwareIntrinsics=AVX512 BITALG+VBMI2+VNNI+VPOPCNTDQ,AVX512 IFMA+VBMI,AVX512 F+BW+CD+DQ+VL,AVX2+BMI1+BMI2+F16C+FMA+LZCNT+MOVBE,AVX,SSE3+SSSE3+SSE4.1+SSE4.2+POPCNT,X86Base+SSE+SSE2,AES+PCLMUL,AvxVnni VectorSize=256
// Job: ShortRun(IterationCount=3, LaunchCount=1, WarmupCount=3)

OverheadJitting  1: 1 op, 158200.00 ns, 158.2000 us/op
WorkloadJitting  1: 1 op, 2340500.00 ns, 2.3405 ms/op

OverheadJitting  2: 16 op, 252300.00 ns, 15.7688 us/op
WorkloadJitting  2: 16 op, 276900.00 ns, 17.3063 us/op

WorkloadPilot    1: 16 op, 3800.00 ns, 237.5000 ns/op
WorkloadPilot    2: 32 op, 3400.00 ns, 106.2500 ns/op
WorkloadPilot    3: 64 op, 3500.00 ns, 54.6875 ns/op
WorkloadPilot    4: 128 op, 12900.00 ns, 100.7813 ns/op
WorkloadPilot    5: 256 op, 14400.00 ns, 56.2500 ns/op
WorkloadPilot    6: 512 op, 24900.00 ns, 48.6328 ns/op
WorkloadPilot    7: 1024 op, 51300.00 ns, 50.0977 ns/op
WorkloadPilot    8: 2048 op, 100600.00 ns, 49.1211 ns/op
WorkloadPilot    9: 4096 op, 198200.00 ns, 48.3887 ns/op
WorkloadPilot   10: 8192 op, 438000.00 ns, 53.4668 ns/op
WorkloadPilot   11: 16384 op, 828900.00 ns, 50.5920 ns/op
WorkloadPilot   12: 32768 op, 1684900.00 ns, 51.4191 ns/op
WorkloadPilot   13: 65536 op, 3344500.00 ns, 51.0330 ns/op
WorkloadPilot   14: 131072 op, 6494100.00 ns, 49.5461 ns/op
WorkloadPilot   15: 262144 op, 13326900.00 ns, 50.8381 ns/op
WorkloadPilot   16: 524288 op, 26268200.00 ns, 50.1026 ns/op
WorkloadPilot   17: 1048576 op, 52269700.00 ns, 49.8483 ns/op
WorkloadPilot   18: 2097152 op, 88645200.00 ns, 42.2693 ns/op
WorkloadPilot   19: 4194304 op, 53142400.00 ns, 12.6701 ns/op
WorkloadPilot   20: 8388608 op, 106447500.00 ns, 12.6895 ns/op
WorkloadPilot   21: 16777216 op, 211194300.00 ns, 12.5882 ns/op
WorkloadPilot   22: 33554432 op, 435006800.00 ns, 12.9642 ns/op
WorkloadPilot   23: 67108864 op, 838025800.00 ns, 12.4876 ns/op

OverheadWarmup   1: 67108864 op, 88586500.00 ns, 1.3200 ns/op
OverheadWarmup   2: 67108864 op, 88329800.00 ns, 1.3162 ns/op
OverheadWarmup   3: 67108864 op, 78213300.00 ns, 1.1655 ns/op
OverheadWarmup   4: 67108864 op, 63022200.00 ns, 0.9391 ns/op
OverheadWarmup   5: 67108864 op, 63712500.00 ns, 0.9494 ns/op
OverheadWarmup   6: 67108864 op, 63995700.00 ns, 0.9536 ns/op
OverheadWarmup   7: 67108864 op, 63287800.00 ns, 0.9431 ns/op
OverheadWarmup   8: 67108864 op, 62910800.00 ns, 0.9374 ns/op
OverheadWarmup   9: 67108864 op, 62864000.00 ns, 0.9367 ns/op
OverheadWarmup  10: 67108864 op, 63623900.00 ns, 0.9481 ns/op

OverheadActual   1: 67108864 op, 63448900.00 ns, 0.9455 ns/op
OverheadActual   2: 67108864 op, 62979100.00 ns, 0.9385 ns/op
OverheadActual   3: 67108864 op, 62735900.00 ns, 0.9348 ns/op
OverheadActual   4: 67108864 op, 62652200.00 ns, 0.9336 ns/op
OverheadActual   5: 67108864 op, 63338400.00 ns, 0.9438 ns/op
OverheadActual   6: 67108864 op, 67219400.00 ns, 1.0016 ns/op
OverheadActual   7: 67108864 op, 74060700.00 ns, 1.1036 ns/op
OverheadActual   8: 67108864 op, 66474700.00 ns, 0.9906 ns/op
OverheadActual   9: 67108864 op, 67292600.00 ns, 1.0027 ns/op
OverheadActual  10: 67108864 op, 63977200.00 ns, 0.9533 ns/op
OverheadActual  11: 67108864 op, 66732100.00 ns, 0.9944 ns/op
OverheadActual  12: 67108864 op, 79040600.00 ns, 1.1778 ns/op
OverheadActual  13: 67108864 op, 76168800.00 ns, 1.1350 ns/op
OverheadActual  14: 67108864 op, 74190300.00 ns, 1.1055 ns/op
OverheadActual  15: 67108864 op, 67578900.00 ns, 1.0070 ns/op
OverheadActual  16: 67108864 op, 72488600.00 ns, 1.0802 ns/op
OverheadActual  17: 67108864 op, 85694100.00 ns, 1.2769 ns/op
OverheadActual  18: 67108864 op, 65134200.00 ns, 0.9706 ns/op
OverheadActual  19: 67108864 op, 69526500.00 ns, 1.0360 ns/op
OverheadActual  20: 67108864 op, 81574900.00 ns, 1.2156 ns/op

WorkloadWarmup   1: 67108864 op, 1000415400.00 ns, 14.9074 ns/op
WorkloadWarmup   2: 67108864 op, 1076316400.00 ns, 16.0384 ns/op
WorkloadWarmup   3: 67108864 op, 978303800.00 ns, 14.5779 ns/op

// BeforeActualRun
WorkloadActual   1: 67108864 op, 885432500.00 ns, 13.1940 ns/op
WorkloadActual   2: 67108864 op, 948499600.00 ns, 14.1337 ns/op
WorkloadActual   3: 67108864 op, 945883600.00 ns, 14.0948 ns/op

// AfterActualRun
WorkloadResult   1: 67108864 op, 818176500.00 ns, 12.1918 ns/op
WorkloadResult   2: 67108864 op, 881243600.00 ns, 13.1316 ns/op
WorkloadResult   3: 67108864 op, 878627600.00 ns, 13.0926 ns/op
// GC:  0 0 0 0 67108864
// Threading:  0 0 67108864

// AfterAll
// Benchmark Process 63004 has exited with code 0.

Mean = 12.805 ns, StdErr = 0.307 ns (2.40%), N = 3, StdDev = 0.532 ns
Min = 12.192 ns, Q1 = 12.642 ns, Median = 13.093 ns, Q3 = 13.112 ns, Max = 13.132 ns
IQR = 0.470 ns, LowerFence = 11.937 ns, UpperFence = 13.817 ns
ConfidenceInterval = [3.105 ns; 22.505 ns] (CI 99.9%), Margin = 9.700 ns (75.75% of Mean)
Skewness = -0.38, Kurtosis = 0.67, MValue = 2

// ** Remained 3 (60,0 %) benchmark(s) to run. Estimated finish 2026-09-01 21:46 (0h 0m from now) **
Setup power plan (GUID: 8c5e7fda-e8bf-4a96-9a85-a6e23a8c635c FriendlyName: High performance)
// **************************
// Benchmark: DispatchBenchmarks.Mediana_Query: ShortRun(IterationCount=3, LaunchCount=1, WarmupCount=3)
// *** Execute ***
// Launch: 1 / 1
// Execute: dotnet Mediana.Benchmarks-ShortRun-1.dll --anonymousPipes 2028 2020 --benchmarkName Mediana.Benchmarks.DispatchBenchmarks.Mediana_Query --job ShortRun --benchmarkId 2 in F:\Projects\Mediana\benchmarks\Mediana.Benchmarks\bin\Release\net10.0\Mediana.Benchmarks-ShortRun-1\bin\Release\net10.0
// BeforeAnythingElse

// Benchmark Process Environment Information:
// BenchmarkDotNet v0.15.8
// Runtime=.NET 10.0.10 (10.0.10, 10.0.1026.32716), X64 RyuJIT x86-64-v4
// GC=Concurrent Workstation
// HardwareIntrinsics=AVX512 BITALG+VBMI2+VNNI+VPOPCNTDQ,AVX512 IFMA+VBMI,AVX512 F+BW+CD+DQ+VL,AVX2+BMI1+BMI2+F16C+FMA+LZCNT+MOVBE,AVX,SSE3+SSSE3+SSE4.1+SSE4.2+POPCNT,X86Base+SSE+SSE2,AES+PCLMUL,AvxVnni VectorSize=256
// Job: ShortRun(IterationCount=3, LaunchCount=1, WarmupCount=3)

OverheadJitting  1: 1 op, 136000.00 ns, 136.0000 us/op
WorkloadJitting  1: 1 op, 2050000.00 ns, 2.0500 ms/op

OverheadJitting  2: 16 op, 232200.00 ns, 14.5125 us/op
WorkloadJitting  2: 16 op, 252300.00 ns, 15.7688 us/op

WorkloadPilot    1: 16 op, 2800.00 ns, 175.0000 ns/op
WorkloadPilot    2: 32 op, 3800.00 ns, 118.7500 ns/op
WorkloadPilot    3: 64 op, 4000.00 ns, 62.5000 ns/op
WorkloadPilot    4: 128 op, 6900.00 ns, 53.9063 ns/op
WorkloadPilot    5: 256 op, 13500.00 ns, 52.7344 ns/op
WorkloadPilot    6: 512 op, 27000.00 ns, 52.7344 ns/op
WorkloadPilot    7: 1024 op, 55800.00 ns, 54.4922 ns/op
WorkloadPilot    8: 2048 op, 107100.00 ns, 52.2949 ns/op
WorkloadPilot    9: 4096 op, 214800.00 ns, 52.4414 ns/op
WorkloadPilot   10: 8192 op, 538800.00 ns, 65.7715 ns/op
WorkloadPilot   11: 16384 op, 976600.00 ns, 59.6069 ns/op
WorkloadPilot   12: 32768 op, 1890400.00 ns, 57.6904 ns/op
WorkloadPilot   13: 65536 op, 3701000.00 ns, 56.4728 ns/op
WorkloadPilot   14: 131072 op, 7454800.00 ns, 56.8756 ns/op
WorkloadPilot   15: 262144 op, 14610600.00 ns, 55.7350 ns/op
WorkloadPilot   16: 524288 op, 29187900.00 ns, 55.6715 ns/op
WorkloadPilot   17: 1048576 op, 58591100.00 ns, 55.8768 ns/op
WorkloadPilot   18: 2097152 op, 82517400.00 ns, 39.3474 ns/op
WorkloadPilot   19: 4194304 op, 39486000.00 ns, 9.4142 ns/op
WorkloadPilot   20: 8388608 op, 79707800.00 ns, 9.5019 ns/op
WorkloadPilot   21: 16777216 op, 159810100.00 ns, 9.5254 ns/op
WorkloadPilot   22: 33554432 op, 315323000.00 ns, 9.3974 ns/op
WorkloadPilot   23: 67108864 op, 733029300.00 ns, 10.9230 ns/op

OverheadWarmup   1: 67108864 op, 101853800.00 ns, 1.5177 ns/op
OverheadWarmup   2: 67108864 op, 92798500.00 ns, 1.3828 ns/op
OverheadWarmup   3: 67108864 op, 72227100.00 ns, 1.0763 ns/op
OverheadWarmup   4: 67108864 op, 62924400.00 ns, 0.9376 ns/op
OverheadWarmup   5: 67108864 op, 64528200.00 ns, 0.9615 ns/op
OverheadWarmup   6: 67108864 op, 63500400.00 ns, 0.9462 ns/op
OverheadWarmup   7: 67108864 op, 66739500.00 ns, 0.9945 ns/op
OverheadWarmup   8: 67108864 op, 64164000.00 ns, 0.9561 ns/op

OverheadActual   1: 67108864 op, 64175400.00 ns, 0.9563 ns/op
OverheadActual   2: 67108864 op, 63408500.00 ns, 0.9449 ns/op
OverheadActual   3: 67108864 op, 62371000.00 ns, 0.9294 ns/op
OverheadActual   4: 67108864 op, 62352400.00 ns, 0.9291 ns/op
OverheadActual   5: 67108864 op, 63588500.00 ns, 0.9475 ns/op
OverheadActual   6: 67108864 op, 62837300.00 ns, 0.9363 ns/op
OverheadActual   7: 67108864 op, 63011500.00 ns, 0.9389 ns/op
OverheadActual   8: 67108864 op, 62687900.00 ns, 0.9341 ns/op
OverheadActual   9: 67108864 op, 62593800.00 ns, 0.9327 ns/op
OverheadActual  10: 67108864 op, 62350000.00 ns, 0.9291 ns/op
OverheadActual  11: 67108864 op, 62936600.00 ns, 0.9378 ns/op
OverheadActual  12: 67108864 op, 63017200.00 ns, 0.9390 ns/op
OverheadActual  13: 67108864 op, 64197800.00 ns, 0.9566 ns/op
OverheadActual  14: 67108864 op, 63981200.00 ns, 0.9534 ns/op
OverheadActual  15: 67108864 op, 69442200.00 ns, 1.0348 ns/op

WorkloadWarmup   1: 67108864 op, 781718500.00 ns, 11.6485 ns/op
WorkloadWarmup   2: 67108864 op, 776632900.00 ns, 11.5727 ns/op
WorkloadWarmup   3: 67108864 op, 663219200.00 ns, 9.8827 ns/op

// BeforeActualRun
WorkloadActual   1: 67108864 op, 673962200.00 ns, 10.0428 ns/op
WorkloadActual   2: 67108864 op, 675003900.00 ns, 10.0583 ns/op
WorkloadActual   3: 67108864 op, 692175900.00 ns, 10.3142 ns/op

// AfterActualRun
WorkloadResult   1: 67108864 op, 610950700.00 ns, 9.1039 ns/op
WorkloadResult   2: 67108864 op, 611992400.00 ns, 9.1194 ns/op
WorkloadResult   3: 67108864 op, 629164400.00 ns, 9.3753 ns/op
// GC:  0 0 0 0 67108864
// Threading:  0 0 67108864

// AfterAll
// Benchmark Process 39852 has exited with code 0.

Mean = 9.200 ns, StdErr = 0.088 ns (0.96%), N = 3, StdDev = 0.152 ns
Min = 9.104 ns, Q1 = 9.112 ns, Median = 9.119 ns, Q3 = 9.247 ns, Max = 9.375 ns
IQR = 0.136 ns, LowerFence = 8.908 ns, UpperFence = 9.451 ns
ConfidenceInterval = [6.419 ns; 11.980 ns] (CI 99.9%), Margin = 2.781 ns (30.23% of Mean)
Skewness = 0.38, Kurtosis = 0.67, MValue = 2

// ** Remained 2 (40,0 %) benchmark(s) to run. Estimated finish 2026-09-01 21:46 (0h 0m from now) **
Setup power plan (GUID: 8c5e7fda-e8bf-4a96-9a85-a6e23a8c635c FriendlyName: High performance)
// **************************
// Benchmark: DispatchBenchmarks.MediatR_Publish: ShortRun(IterationCount=3, LaunchCount=1, WarmupCount=3)
// *** Execute ***
// Launch: 1 / 1
// Execute: dotnet Mediana.Benchmarks-ShortRun-1.dll --anonymousPipes 1612 1608 --benchmarkName Mediana.Benchmarks.DispatchBenchmarks.MediatR_Publish --job ShortRun --benchmarkId 3 in F:\Projects\Mediana\benchmarks\Mediana.Benchmarks\bin\Release\net10.0\Mediana.Benchmarks-ShortRun-1\bin\Release\net10.0
// BeforeAnythingElse

// Benchmark Process Environment Information:
// BenchmarkDotNet v0.15.8
// Runtime=.NET 10.0.10 (10.0.10, 10.0.1026.32716), X64 RyuJIT x86-64-v4
// GC=Concurrent Workstation
// HardwareIntrinsics=AVX512 BITALG+VBMI2+VNNI+VPOPCNTDQ,AVX512 IFMA+VBMI,AVX512 F+BW+CD+DQ+VL,AVX2+BMI1+BMI2+F16C+FMA+LZCNT+MOVBE,AVX,SSE3+SSSE3+SSE4.1+SSE4.2+POPCNT,X86Base+SSE+SSE2,AES+PCLMUL,AvxVnni VectorSize=256
// Job: ShortRun(IterationCount=3, LaunchCount=1, WarmupCount=3)

OverheadJitting  1: 1 op, 104500.00 ns, 104.5000 us/op
WorkloadJitting  1: 1 op, 2020500.00 ns, 2.0205 ms/op

OverheadJitting  2: 16 op, 297700.00 ns, 18.6063 us/op
WorkloadJitting  2: 16 op, 694200.00 ns, 43.3875 us/op

WorkloadPilot    1: 16 op, 30000.00 ns, 1.8750 us/op
WorkloadPilot    2: 32 op, 44000.00 ns, 1.3750 us/op
WorkloadPilot    3: 64 op, 81100.00 ns, 1.2672 us/op
WorkloadPilot    4: 128 op, 150900.00 ns, 1.1789 us/op
WorkloadPilot    5: 256 op, 332800.00 ns, 1.3000 us/op
WorkloadPilot    6: 512 op, 409900.00 ns, 800.5859 ns/op
WorkloadPilot    7: 1024 op, 742600.00 ns, 725.1953 ns/op
WorkloadPilot    8: 2048 op, 1420900.00 ns, 693.7988 ns/op
WorkloadPilot    9: 4096 op, 2798600.00 ns, 683.2520 ns/op
WorkloadPilot   10: 8192 op, 5867700.00 ns, 716.2720 ns/op
WorkloadPilot   11: 16384 op, 11698900.00 ns, 714.0442 ns/op
WorkloadPilot   12: 32768 op, 21419200.00 ns, 653.6621 ns/op
WorkloadPilot   13: 65536 op, 39171400.00 ns, 597.7081 ns/op
WorkloadPilot   14: 131072 op, 71718800.00 ns, 547.1710 ns/op
WorkloadPilot   15: 262144 op, 90633800.00 ns, 345.7405 ns/op
WorkloadPilot   16: 524288 op, 82570300.00 ns, 157.4903 ns/op
WorkloadPilot   17: 1048576 op, 161473300.00 ns, 153.9929 ns/op
WorkloadPilot   18: 2097152 op, 313845200.00 ns, 149.6531 ns/op
WorkloadPilot   19: 4194304 op, 640329900.00 ns, 152.6665 ns/op

OverheadWarmup   1: 4194304 op, 5564500.00 ns, 1.3267 ns/op
OverheadWarmup   2: 4194304 op, 5669900.00 ns, 1.3518 ns/op
OverheadWarmup   3: 4194304 op, 5567400.00 ns, 1.3274 ns/op
OverheadWarmup   4: 4194304 op, 5611300.00 ns, 1.3378 ns/op
OverheadWarmup   5: 4194304 op, 5551600.00 ns, 1.3236 ns/op

OverheadActual   1: 4194304 op, 5546500.00 ns, 1.3224 ns/op
OverheadActual   2: 4194304 op, 5556200.00 ns, 1.3247 ns/op
OverheadActual   3: 4194304 op, 5533600.00 ns, 1.3193 ns/op
OverheadActual   4: 4194304 op, 5546800.00 ns, 1.3225 ns/op
OverheadActual   5: 4194304 op, 5556000.00 ns, 1.3247 ns/op
OverheadActual   6: 4194304 op, 6742400.00 ns, 1.6075 ns/op
OverheadActual   7: 4194304 op, 5717300.00 ns, 1.3631 ns/op
OverheadActual   8: 4194304 op, 5597200.00 ns, 1.3345 ns/op
OverheadActual   9: 4194304 op, 6496000.00 ns, 1.5488 ns/op
OverheadActual  10: 4194304 op, 5595200.00 ns, 1.3340 ns/op
OverheadActual  11: 4194304 op, 5613800.00 ns, 1.3384 ns/op
OverheadActual  12: 4194304 op, 5562800.00 ns, 1.3263 ns/op
OverheadActual  13: 4194304 op, 5679300.00 ns, 1.3541 ns/op
OverheadActual  14: 4194304 op, 5750900.00 ns, 1.3711 ns/op
OverheadActual  15: 4194304 op, 5528700.00 ns, 1.3181 ns/op

WorkloadWarmup   1: 4194304 op, 661877300.00 ns, 157.8038 ns/op
WorkloadWarmup   2: 4194304 op, 639818200.00 ns, 152.5445 ns/op
WorkloadWarmup   3: 4194304 op, 648787400.00 ns, 154.6830 ns/op

// BeforeActualRun
WorkloadActual   1: 4194304 op, 779620900.00 ns, 185.8761 ns/op
WorkloadActual   2: 4194304 op, 692271700.00 ns, 165.0504 ns/op
WorkloadActual   3: 4194304 op, 771700000.00 ns, 183.9876 ns/op

// AfterActualRun
WorkloadResult   1: 4194304 op, 774025700.00 ns, 184.5421 ns/op
WorkloadResult   2: 4194304 op, 686676500.00 ns, 163.7164 ns/op
WorkloadResult   3: 4194304 op, 766104800.00 ns, 182.6536 ns/op
// GC:  86 0 0 4328521728 4194304
// Threading:  0 0 4194304

// AfterAll
// Benchmark Process 35260 has exited with code 0.

Mean = 176.971 ns, StdErr = 6.650 ns (3.76%), N = 3, StdDev = 11.517 ns
Min = 163.716 ns, Q1 = 173.185 ns, Median = 182.654 ns, Q3 = 183.598 ns, Max = 184.542 ns
IQR = 10.413 ns, LowerFence = 157.566 ns, UpperFence = 199.217 ns
ConfidenceInterval = [-33.148 ns; 387.090 ns] (CI 99.9%), Margin = 210.119 ns (118.73% of Mean)
Skewness = -0.37, Kurtosis = 0.67, MValue = 2

// ** Remained 1 (20,0 %) benchmark(s) to run. Estimated finish 2026-09-01 21:46 (0h 0m from now) **
Setup power plan (GUID: 8c5e7fda-e8bf-4a96-9a85-a6e23a8c635c FriendlyName: High performance)
// **************************
// Benchmark: DispatchBenchmarks.Mediana_Publish: ShortRun(IterationCount=3, LaunchCount=1, WarmupCount=3)
// *** Execute ***
// Launch: 1 / 1
// Execute: dotnet Mediana.Benchmarks-ShortRun-1.dll --anonymousPipes 2088 1632 --benchmarkName Mediana.Benchmarks.DispatchBenchmarks.Mediana_Publish --job ShortRun --benchmarkId 4 in F:\Projects\Mediana\benchmarks\Mediana.Benchmarks\bin\Release\net10.0\Mediana.Benchmarks-ShortRun-1\bin\Release\net10.0
// BeforeAnythingElse

// Benchmark Process Environment Information:
// BenchmarkDotNet v0.15.8
// Runtime=.NET 10.0.10 (10.0.10, 10.0.1026.32716), X64 RyuJIT x86-64-v4
// GC=Concurrent Workstation
// HardwareIntrinsics=AVX512 BITALG+VBMI2+VNNI+VPOPCNTDQ,AVX512 IFMA+VBMI,AVX512 F+BW+CD+DQ+VL,AVX2+BMI1+BMI2+F16C+FMA+LZCNT+MOVBE,AVX,SSE3+SSSE3+SSE4.1+SSE4.2+POPCNT,X86Base+SSE+SSE2,AES+PCLMUL,AvxVnni VectorSize=256
// Job: ShortRun(IterationCount=3, LaunchCount=1, WarmupCount=3)

OverheadJitting  1: 1 op, 103300.00 ns, 103.3000 us/op
WorkloadJitting  1: 1 op, 2046900.00 ns, 2.0469 ms/op

OverheadJitting  2: 16 op, 155100.00 ns, 9.6938 us/op
WorkloadJitting  2: 16 op, 158900.00 ns, 9.9313 us/op

WorkloadPilot    1: 16 op, 4600.00 ns, 287.5000 ns/op
WorkloadPilot    2: 32 op, 5900.00 ns, 184.3750 ns/op
WorkloadPilot    3: 64 op, 9100.00 ns, 142.1875 ns/op
WorkloadPilot    4: 128 op, 20300.00 ns, 158.5938 ns/op
WorkloadPilot    5: 256 op, 29900.00 ns, 116.7969 ns/op
WorkloadPilot    6: 512 op, 57800.00 ns, 112.8906 ns/op
WorkloadPilot    7: 1024 op, 112500.00 ns, 109.8633 ns/op
WorkloadPilot    8: 2048 op, 228600.00 ns, 111.6211 ns/op
WorkloadPilot    9: 4096 op, 529100.00 ns, 129.1748 ns/op
WorkloadPilot   10: 8192 op, 1073200.00 ns, 131.0059 ns/op
WorkloadPilot   11: 16384 op, 2013200.00 ns, 122.8760 ns/op
WorkloadPilot   12: 32768 op, 3930600.00 ns, 119.9524 ns/op
WorkloadPilot   13: 65536 op, 7675800.00 ns, 117.1234 ns/op
WorkloadPilot   14: 131072 op, 14894200.00 ns, 113.6337 ns/op
WorkloadPilot   15: 262144 op, 30503300.00 ns, 116.3609 ns/op
WorkloadPilot   16: 524288 op, 60970200.00 ns, 116.2914 ns/op
WorkloadPilot   17: 1048576 op, 82988700.00 ns, 79.1442 ns/op
WorkloadPilot   18: 2097152 op, 38420500.00 ns, 18.3203 ns/op
WorkloadPilot   19: 4194304 op, 77216200.00 ns, 18.4098 ns/op
WorkloadPilot   20: 8388608 op, 155225200.00 ns, 18.5043 ns/op
WorkloadPilot   21: 16777216 op, 307773200.00 ns, 18.3447 ns/op
WorkloadPilot   22: 33554432 op, 613811100.00 ns, 18.2930 ns/op

OverheadWarmup   1: 33554432 op, 43986200.00 ns, 1.3109 ns/op
OverheadWarmup   2: 33554432 op, 43944900.00 ns, 1.3097 ns/op
OverheadWarmup   3: 33554432 op, 44969100.00 ns, 1.3402 ns/op
OverheadWarmup   4: 33554432 op, 44390100.00 ns, 1.3229 ns/op
OverheadWarmup   5: 33554432 op, 44457900.00 ns, 1.3249 ns/op
OverheadWarmup   6: 33554432 op, 44172700.00 ns, 1.3164 ns/op

OverheadActual   1: 33554432 op, 44092900.00 ns, 1.3141 ns/op
OverheadActual   2: 33554432 op, 45738200.00 ns, 1.3631 ns/op
OverheadActual   3: 33554432 op, 49425000.00 ns, 1.4730 ns/op
OverheadActual   4: 33554432 op, 49679900.00 ns, 1.4806 ns/op
OverheadActual   5: 33554432 op, 49857100.00 ns, 1.4859 ns/op
OverheadActual   6: 33554432 op, 46765200.00 ns, 1.3937 ns/op
OverheadActual   7: 33554432 op, 46777900.00 ns, 1.3941 ns/op
OverheadActual   8: 33554432 op, 35881300.00 ns, 1.0693 ns/op
OverheadActual   9: 33554432 op, 36767000.00 ns, 1.0957 ns/op
OverheadActual  10: 33554432 op, 40099700.00 ns, 1.1951 ns/op
OverheadActual  11: 33554432 op, 37815400.00 ns, 1.1270 ns/op
OverheadActual  12: 33554432 op, 38178300.00 ns, 1.1378 ns/op
OverheadActual  13: 33554432 op, 37149100.00 ns, 1.1071 ns/op
OverheadActual  14: 33554432 op, 34278000.00 ns, 1.0216 ns/op
OverheadActual  15: 33554432 op, 35712000.00 ns, 1.0643 ns/op
OverheadActual  16: 33554432 op, 41374300.00 ns, 1.2331 ns/op
OverheadActual  17: 33554432 op, 42537500.00 ns, 1.2677 ns/op
OverheadActual  18: 33554432 op, 38298700.00 ns, 1.1414 ns/op
OverheadActual  19: 33554432 op, 35712900.00 ns, 1.0643 ns/op
OverheadActual  20: 33554432 op, 33788800.00 ns, 1.0070 ns/op

WorkloadWarmup   1: 33554432 op, 632169000.00 ns, 18.8401 ns/op
WorkloadWarmup   2: 33554432 op, 691296800.00 ns, 20.6023 ns/op
WorkloadWarmup   3: 33554432 op, 751594400.00 ns, 22.3993 ns/op

// BeforeActualRun
WorkloadActual   1: 33554432 op, 790692900.00 ns, 23.5645 ns/op
WorkloadActual   2: 33554432 op, 743685400.00 ns, 22.1636 ns/op
WorkloadActual   3: 33554432 op, 799386600.00 ns, 23.8236 ns/op

// AfterActualRun
WorkloadResult   1: 33554432 op, 751493700.00 ns, 22.3963 ns/op
WorkloadResult   2: 33554432 op, 704486200.00 ns, 20.9953 ns/op
WorkloadResult   3: 33554432 op, 760187400.00 ns, 22.6553 ns/op
// GC:  0 0 0 0 33554432
// Threading:  0 0 33554432

// AfterAll
// Benchmark Process 62876 has exited with code 0.

Mean = 22.016 ns, StdErr = 0.516 ns (2.34%), N = 3, StdDev = 0.893 ns
Min = 20.995 ns, Q1 = 21.696 ns, Median = 22.396 ns, Q3 = 22.526 ns, Max = 22.655 ns
IQR = 0.830 ns, LowerFence = 20.451 ns, UpperFence = 23.771 ns
ConfidenceInterval = [5.723 ns; 38.309 ns] (CI 99.9%), Margin = 16.293 ns (74.01% of Mean)
Skewness = -0.35, Kurtosis = 0.67, MValue = 2

// ** Remained 0 (0,0 %) benchmark(s) to run. Estimated finish 2026-09-01 21:46 (0h 0m from now) **
Successfully reverted power plan (GUID: 381b4222-f694-41f0-9685-ff5bb260df2e FriendlyName: Balanced)
// ***** BenchmarkRunner: Finish  *****

// * Export *
  BenchmarkDotNet.Artifacts\results\Mediana.Benchmarks.DispatchBenchmarks-report.csv
  BenchmarkDotNet.Artifacts\results\Mediana.Benchmarks.DispatchBenchmarks-report-github.md
  BenchmarkDotNet.Artifacts\results\Mediana.Benchmarks.DispatchBenchmarks-report.html

// * Detailed results *
DispatchBenchmarks.MediatR_Send: ShortRun(IterationCount=3, LaunchCount=1, WarmupCount=3)
Runtime = .NET 10.0.10 (10.0.10, 10.0.1026.32716), X64 RyuJIT x86-64-v4; GC = Concurrent Workstation
Mean = 95.315 ns, StdErr = 2.020 ns (2.12%), N = 3, StdDev = 3.499 ns
Min = 92.121 ns, Q1 = 93.446 ns, Median = 94.771 ns, Q3 = 96.913 ns, Max = 99.055 ns
IQR = 3.467 ns, LowerFence = 88.245 ns, UpperFence = 102.113 ns
ConfidenceInterval = [31.482 ns; 159.149 ns] (CI 99.9%), Margin = 63.833 ns (66.97% of Mean)
Skewness = 0.15, Kurtosis = 0.67, MValue = 2
-------------------- Histogram --------------------
[90.261 ns ;  96.630 ns) | @@
[96.630 ns ; 102.239 ns) | @
---------------------------------------------------

DispatchBenchmarks.Mediana_Send: ShortRun(IterationCount=3, LaunchCount=1, WarmupCount=3)
Runtime = .NET 10.0.10 (10.0.10, 10.0.1026.32716), X64 RyuJIT x86-64-v4; GC = Concurrent Workstation
Mean = 12.805 ns, StdErr = 0.307 ns (2.40%), N = 3, StdDev = 0.532 ns
Min = 12.192 ns, Q1 = 12.642 ns, Median = 13.093 ns, Q3 = 13.112 ns, Max = 13.132 ns
IQR = 0.470 ns, LowerFence = 11.937 ns, UpperFence = 13.817 ns
ConfidenceInterval = [3.105 ns; 22.505 ns] (CI 99.9%), Margin = 9.700 ns (75.75% of Mean)
Skewness = -0.38, Kurtosis = 0.67, MValue = 2
-------------------- Histogram --------------------
[12.178 ns ; 13.146 ns) | @@@
---------------------------------------------------

DispatchBenchmarks.Mediana_Query: ShortRun(IterationCount=3, LaunchCount=1, WarmupCount=3)
Runtime = .NET 10.0.10 (10.0.10, 10.0.1026.32716), X64 RyuJIT x86-64-v4; GC = Concurrent Workstation
Mean = 9.200 ns, StdErr = 0.088 ns (0.96%), N = 3, StdDev = 0.152 ns
Min = 9.104 ns, Q1 = 9.112 ns, Median = 9.119 ns, Q3 = 9.247 ns, Max = 9.375 ns
IQR = 0.136 ns, LowerFence = 8.908 ns, UpperFence = 9.451 ns
ConfidenceInterval = [6.419 ns; 11.980 ns] (CI 99.9%), Margin = 2.781 ns (30.23% of Mean)
Skewness = 0.38, Kurtosis = 0.67, MValue = 2
-------------------- Histogram --------------------
[9.101 ns ; 9.378 ns) | @@@
---------------------------------------------------

DispatchBenchmarks.MediatR_Publish: ShortRun(IterationCount=3, LaunchCount=1, WarmupCount=3)
Runtime = .NET 10.0.10 (10.0.10, 10.0.1026.32716), X64 RyuJIT x86-64-v4; GC = Concurrent Workstation
Mean = 176.971 ns, StdErr = 6.650 ns (3.76%), N = 3, StdDev = 11.517 ns
Min = 163.716 ns, Q1 = 173.185 ns, Median = 182.654 ns, Q3 = 183.598 ns, Max = 184.542 ns
IQR = 10.413 ns, LowerFence = 157.566 ns, UpperFence = 199.217 ns
ConfidenceInterval = [-33.148 ns; 387.090 ns] (CI 99.9%), Margin = 210.119 ns (118.73% of Mean)
Skewness = -0.37, Kurtosis = 0.67, MValue = 2
-------------------- Histogram --------------------
[163.648 ns ; 184.610 ns) | @@@
---------------------------------------------------

DispatchBenchmarks.Mediana_Publish: ShortRun(IterationCount=3, LaunchCount=1, WarmupCount=3)
Runtime = .NET 10.0.10 (10.0.10, 10.0.1026.32716), X64 RyuJIT x86-64-v4; GC = Concurrent Workstation
Mean = 22.016 ns, StdErr = 0.516 ns (2.34%), N = 3, StdDev = 0.893 ns
Min = 20.995 ns, Q1 = 21.696 ns, Median = 22.396 ns, Q3 = 22.526 ns, Max = 22.655 ns
IQR = 0.830 ns, LowerFence = 20.451 ns, UpperFence = 23.771 ns
ConfidenceInterval = [5.723 ns; 38.309 ns] (CI 99.9%), Margin = 16.293 ns (74.01% of Mean)
Skewness = -0.35, Kurtosis = 0.67, MValue = 2
-------------------- Histogram --------------------
[20.183 ns ; 21.713 ns) | @
[21.713 ns ; 23.468 ns) | @@
---------------------------------------------------

// * Summary *

BenchmarkDotNet v0.15.8, Windows 11 (10.0.26200.9168/25H2/2025Update/HudsonValley2)
AMD Ryzen 9 9950X3D 4.30GHz, 1 CPU, 32 logical and 16 physical cores
.NET SDK 10.0.302
  [Host]   : .NET 10.0.10 (10.0.10, 10.0.1026.32716), X64 RyuJIT x86-64-v4
  ShortRun : .NET 10.0.10 (10.0.10, 10.0.1026.32716), X64 RyuJIT x86-64-v4

Job=ShortRun  IterationCount=3  LaunchCount=1  
WarmupCount=3  

| Method          | Mean       | Error      | StdDev     | Ratio | RatioSD | Gen0   | Allocated | Alloc Ratio |
|---------------- |-----------:|-----------:|-----------:|------:|--------:|-------:|----------:|------------:|
| MediatR_Send    |  95.315 ns |  63.833 ns |  3.4989 ns |  1.00 |    0.04 | 0.0101 |     512 B |        1.00 |
| Mediana_Send    |  12.805 ns |   9.700 ns |  0.5317 ns |  0.13 |    0.01 |      - |         - |        0.00 |
| Mediana_Query   |   9.200 ns |   2.781 ns |  0.1524 ns |  0.10 |    0.00 |      - |         - |        0.00 |
| MediatR_Publish | 176.971 ns | 210.119 ns | 11.5173 ns |  1.86 |    0.12 | 0.0205 |    1032 B |        2.02 |
| Mediana_Publish |  22.016 ns |  16.293 ns |  0.8931 ns |  0.23 |    0.01 |      - |         - |        0.00 |

// * Legends *
  Mean        : Arithmetic mean of all measurements
  Error       : Half of 99.9% confidence interval
  StdDev      : Standard deviation of all measurements
  Ratio       : Mean of the ratio distribution ([Current]/[Baseline])
  RatioSD     : Standard deviation of the ratio distribution ([Current]/[Baseline])
  Gen0        : GC Generation 0 collects per 1000 operations
  Allocated   : Allocated memory per single operation (managed only, inclusive, 1KB = 1024B)
  Alloc Ratio : Allocated memory ratio distribution ([Current]/[Baseline])
  1 ns        : 1 Nanosecond (0.000000001 sec)

// * Diagnostic Output - MemoryDiagnoser *


// ***** BenchmarkRunner: End *****
Run time: 00:00:41 (41.95 sec), executed benchmarks: 5

Global total time: 00:00:50 (50.12 sec), executed benchmarks: 5
// * Artifacts cleanup *
Artifacts cleanup is finished
