// Validating benchmarks:
// ***** BenchmarkRunner: Start   *****
// ***** Found 5 benchmark(s) in total *****
// ***** Building 1 exe(s) in Parallel: Start   *****
// start dotnet  restore --nodeReuse:false /p:UseSharedCompilation=false /p:Deterministic=true /p:Optimize=true /p:ArtifactsPath="F:\Projects\Mediana\benchmarks\Mediana.Benchmarks\bin\Release\net10.0\Mediana.Benchmarks-ShortRun-1/" /p:OutDir="F:\Projects\Mediana\benchmarks\Mediana.Benchmarks\bin\Release\net10.0\Mediana.Benchmarks-ShortRun-1\bin\Release\net10.0/" /p:OutputPath="F:\Projects\Mediana\benchmarks\Mediana.Benchmarks\bin\Release\net10.0\Mediana.Benchmarks-ShortRun-1\bin\Release\net10.0/" /p:PublishDir="F:\Projects\Mediana\benchmarks\Mediana.Benchmarks\bin\Release\net10.0\Mediana.Benchmarks-ShortRun-1\publish/" in F:\Projects\Mediana\benchmarks\Mediana.Benchmarks\bin\Release\net10.0\Mediana.Benchmarks-ShortRun-1
// command took 1.32 sec and exited with 0
// start dotnet  build -c Release --no-restore --nodeReuse:false /p:UseSharedCompilation=false /p:Deterministic=true /p:Optimize=true /p:ArtifactsPath="F:\Projects\Mediana\benchmarks\Mediana.Benchmarks\bin\Release\net10.0\Mediana.Benchmarks-ShortRun-1/" /p:OutDir="F:\Projects\Mediana\benchmarks\Mediana.Benchmarks\bin\Release\net10.0\Mediana.Benchmarks-ShortRun-1\bin\Release\net10.0/" /p:OutputPath="F:\Projects\Mediana\benchmarks\Mediana.Benchmarks\bin\Release\net10.0\Mediana.Benchmarks-ShortRun-1\bin\Release\net10.0/" /p:PublishDir="F:\Projects\Mediana\benchmarks\Mediana.Benchmarks\bin\Release\net10.0\Mediana.Benchmarks-ShortRun-1\publish/" --output "F:\Projects\Mediana\benchmarks\Mediana.Benchmarks\bin\Release\net10.0\Mediana.Benchmarks-ShortRun-1\bin\Release\net10.0/" in F:\Projects\Mediana\benchmarks\Mediana.Benchmarks\bin\Release\net10.0\Mediana.Benchmarks-ShortRun-1
// command took 5.83 sec and exited with 0
// ***** Done, took 00:00:07 (7.2 sec)   *****
// Found 5 benchmarks:
//   DispatchBenchmarks.MediatR_Send: ShortRun(IterationCount=3, LaunchCount=1, WarmupCount=3)
//   DispatchBenchmarks.Mediana_Send: ShortRun(IterationCount=3, LaunchCount=1, WarmupCount=3)
//   DispatchBenchmarks.Mediana_Query: ShortRun(IterationCount=3, LaunchCount=1, WarmupCount=3)
//   DispatchBenchmarks.MediatR_Publish: ShortRun(IterationCount=3, LaunchCount=1, WarmupCount=3)
//   DispatchBenchmarks.Mediana_Publish: ShortRun(IterationCount=3, LaunchCount=1, WarmupCount=3)

Setup power plan (GUID: 8c5e7fda-e8bf-4a96-9a85-a6e23a8c635c FriendlyName: High performance)
// **************************
// Benchmark: DispatchBenchmarks.MediatR_Send: ShortRun(IterationCount=3, LaunchCount=1, WarmupCount=3)
// *** Execute ***
// Launch: 1 / 1
// Execute: dotnet Mediana.Benchmarks-ShortRun-1.dll --anonymousPipes 1964 1960 --benchmarkName Mediana.Benchmarks.DispatchBenchmarks.MediatR_Send --job ShortRun --benchmarkId 0 in F:\Projects\Mediana\benchmarks\Mediana.Benchmarks\bin\Release\net10.0\Mediana.Benchmarks-ShortRun-1\bin\Release\net10.0
// BeforeAnythingElse

// Benchmark Process Environment Information:
// BenchmarkDotNet v0.15.8
// Runtime=.NET 10.0.10 (10.0.10, 10.0.1026.32716), X64 RyuJIT x86-64-v4
// GC=Concurrent Workstation
// HardwareIntrinsics=AVX512 BITALG+VBMI2+VNNI+VPOPCNTDQ,AVX512 IFMA+VBMI,AVX512 F+BW+CD+DQ+VL,AVX2+BMI1+BMI2+F16C+FMA+LZCNT+MOVBE,AVX,SSE3+SSSE3+SSE4.1+SSE4.2+POPCNT,X86Base+SSE+SSE2,AES+PCLMUL,AvxVnni VectorSize=256
// Job: ShortRun(IterationCount=3, LaunchCount=1, WarmupCount=3)

OverheadJitting  1: 1 op, 136700.00 ns, 136.7000 us/op
WorkloadJitting  1: 1 op, 1859400.00 ns, 1.8594 ms/op

OverheadJitting  2: 16 op, 230100.00 ns, 14.3813 us/op
WorkloadJitting  2: 16 op, 887300.00 ns, 55.4563 us/op

WorkloadPilot    1: 16 op, 188300.00 ns, 11.7688 us/op
WorkloadPilot    2: 32 op, 21900.00 ns, 684.3750 ns/op
WorkloadPilot    3: 64 op, 36500.00 ns, 570.3125 ns/op
WorkloadPilot    4: 128 op, 69100.00 ns, 539.8438 ns/op
WorkloadPilot    5: 256 op, 66600.00 ns, 260.1563 ns/op
WorkloadPilot    6: 512 op, 187100.00 ns, 365.4297 ns/op
WorkloadPilot    7: 1024 op, 374900.00 ns, 366.1133 ns/op
WorkloadPilot    8: 2048 op, 733900.00 ns, 358.3496 ns/op
WorkloadPilot    9: 4096 op, 1410900.00 ns, 344.4580 ns/op
WorkloadPilot   10: 8192 op, 2819700.00 ns, 344.2017 ns/op
WorkloadPilot   11: 16384 op, 5626400.00 ns, 343.4082 ns/op
WorkloadPilot   12: 32768 op, 11392300.00 ns, 347.6654 ns/op
WorkloadPilot   13: 65536 op, 21794200.00 ns, 332.5531 ns/op
WorkloadPilot   14: 131072 op, 40503600.00 ns, 309.0179 ns/op
WorkloadPilot   15: 262144 op, 73041900.00 ns, 278.6327 ns/op
WorkloadPilot   16: 524288 op, 117524600.00 ns, 224.1604 ns/op
WorkloadPilot   17: 1048576 op, 103455800.00 ns, 98.6631 ns/op
WorkloadPilot   18: 2097152 op, 184964800.00 ns, 88.1981 ns/op
WorkloadPilot   19: 4194304 op, 352264200.00 ns, 83.9863 ns/op
WorkloadPilot   20: 8388608 op, 707946100.00 ns, 84.3938 ns/op

OverheadWarmup   1: 8388608 op, 11146800.00 ns, 1.3288 ns/op
OverheadWarmup   2: 8388608 op, 11096500.00 ns, 1.3228 ns/op
OverheadWarmup   3: 8388608 op, 11156900.00 ns, 1.3300 ns/op
OverheadWarmup   4: 8388608 op, 11000000.00 ns, 1.3113 ns/op
OverheadWarmup   5: 8388608 op, 11457400.00 ns, 1.3658 ns/op
OverheadWarmup   6: 8388608 op, 11083800.00 ns, 1.3213 ns/op

OverheadActual   1: 8388608 op, 11208100.00 ns, 1.3361 ns/op
OverheadActual   2: 8388608 op, 11205400.00 ns, 1.3358 ns/op
OverheadActual   3: 8388608 op, 11175200.00 ns, 1.3322 ns/op
OverheadActual   4: 8388608 op, 10976600.00 ns, 1.3085 ns/op
OverheadActual   5: 8388608 op, 11083100.00 ns, 1.3212 ns/op
OverheadActual   6: 8388608 op, 11072400.00 ns, 1.3199 ns/op
OverheadActual   7: 8388608 op, 11131200.00 ns, 1.3269 ns/op
OverheadActual   8: 8388608 op, 11173500.00 ns, 1.3320 ns/op
OverheadActual   9: 8388608 op, 11132300.00 ns, 1.3271 ns/op
OverheadActual  10: 8388608 op, 10910000.00 ns, 1.3006 ns/op
OverheadActual  11: 8388608 op, 11082700.00 ns, 1.3212 ns/op
OverheadActual  12: 8388608 op, 11056000.00 ns, 1.3180 ns/op
OverheadActual  13: 8388608 op, 11195300.00 ns, 1.3346 ns/op
OverheadActual  14: 8388608 op, 11207200.00 ns, 1.3360 ns/op
OverheadActual  15: 8388608 op, 11008200.00 ns, 1.3123 ns/op

WorkloadWarmup   1: 8388608 op, 740250700.00 ns, 88.2448 ns/op
WorkloadWarmup   2: 8388608 op, 732335100.00 ns, 87.3011 ns/op
WorkloadWarmup   3: 8388608 op, 815757700.00 ns, 97.2459 ns/op

// BeforeActualRun
WorkloadActual   1: 8388608 op, 882008000.00 ns, 105.1435 ns/op
WorkloadActual   2: 8388608 op, 911379300.00 ns, 108.6449 ns/op
WorkloadActual   3: 8388608 op, 764292900.00 ns, 91.1108 ns/op

// AfterActualRun
WorkloadResult   1: 8388608 op, 870876800.00 ns, 103.8166 ns/op
WorkloadResult   2: 8388608 op, 900248100.00 ns, 107.3179 ns/op
WorkloadResult   3: 8388608 op, 753161700.00 ns, 89.7839 ns/op
// GC:  85 0 0 4294967296 8388608
// Threading:  0 0 8388608

// AfterAll
// Benchmark Process 6000 has exited with code 0.

Mean = 100.306 ns, StdErr = 5.357 ns (5.34%), N = 3, StdDev = 9.279 ns
Min = 89.784 ns, Q1 = 96.800 ns, Median = 103.817 ns, Q3 = 105.567 ns, Max = 107.318 ns
IQR = 8.767 ns, LowerFence = 83.650 ns, UpperFence = 118.718 ns
ConfidenceInterval = [-68.981 ns; 269.593 ns] (CI 99.9%), Margin = 169.287 ns (168.77% of Mean)
Skewness = -0.32, Kurtosis = 0.67, MValue = 2

// ** Remained 4 (80,0 %) benchmark(s) to run. Estimated finish 2026-09-01 21:48 (0h 0m from now) **
Setup power plan (GUID: 8c5e7fda-e8bf-4a96-9a85-a6e23a8c635c FriendlyName: High performance)
// **************************
// Benchmark: DispatchBenchmarks.Mediana_Send: ShortRun(IterationCount=3, LaunchCount=1, WarmupCount=3)
// *** Execute ***
// Launch: 1 / 1
// Execute: dotnet Mediana.Benchmarks-ShortRun-1.dll --anonymousPipes 2008 2004 --benchmarkName Mediana.Benchmarks.DispatchBenchmarks.Mediana_Send --job ShortRun --benchmarkId 1 in F:\Projects\Mediana\benchmarks\Mediana.Benchmarks\bin\Release\net10.0\Mediana.Benchmarks-ShortRun-1\bin\Release\net10.0
// BeforeAnythingElse

// Benchmark Process Environment Information:
// BenchmarkDotNet v0.15.8
// Runtime=.NET 10.0.10 (10.0.10, 10.0.1026.32716), X64 RyuJIT x86-64-v4
// GC=Concurrent Workstation
// HardwareIntrinsics=AVX512 BITALG+VBMI2+VNNI+VPOPCNTDQ,AVX512 IFMA+VBMI,AVX512 F+BW+CD+DQ+VL,AVX2+BMI1+BMI2+F16C+FMA+LZCNT+MOVBE,AVX,SSE3+SSSE3+SSE4.1+SSE4.2+POPCNT,X86Base+SSE+SSE2,AES+PCLMUL,AvxVnni VectorSize=256
// Job: ShortRun(IterationCount=3, LaunchCount=1, WarmupCount=3)

OverheadJitting  1: 1 op, 149300.00 ns, 149.3000 us/op
WorkloadJitting  1: 1 op, 2226100.00 ns, 2.2261 ms/op

OverheadJitting  2: 16 op, 250000.00 ns, 15.6250 us/op
WorkloadJitting  2: 16 op, 229100.00 ns, 14.3188 us/op

WorkloadPilot    1: 16 op, 3200.00 ns, 200.0000 ns/op
WorkloadPilot    2: 32 op, 3800.00 ns, 118.7500 ns/op
WorkloadPilot    3: 64 op, 5100.00 ns, 79.6875 ns/op
WorkloadPilot    4: 128 op, 12500.00 ns, 97.6563 ns/op
WorkloadPilot    5: 256 op, 13000.00 ns, 50.7813 ns/op
WorkloadPilot    6: 512 op, 25400.00 ns, 49.6094 ns/op
WorkloadPilot    7: 1024 op, 50700.00 ns, 49.5117 ns/op
WorkloadPilot    8: 2048 op, 104100.00 ns, 50.8301 ns/op
WorkloadPilot    9: 4096 op, 259300.00 ns, 63.3057 ns/op
WorkloadPilot   10: 8192 op, 452600.00 ns, 55.2490 ns/op
WorkloadPilot   11: 16384 op, 871000.00 ns, 53.1616 ns/op
WorkloadPilot   12: 32768 op, 1677500.00 ns, 51.1932 ns/op
WorkloadPilot   13: 65536 op, 3455700.00 ns, 52.7298 ns/op
WorkloadPilot   14: 131072 op, 6886800.00 ns, 52.5421 ns/op
WorkloadPilot   15: 262144 op, 13527000.00 ns, 51.6014 ns/op
WorkloadPilot   16: 524288 op, 27248600.00 ns, 51.9726 ns/op
WorkloadPilot   17: 1048576 op, 55763700.00 ns, 53.1804 ns/op
WorkloadPilot   18: 2097152 op, 89729600.00 ns, 42.7864 ns/op
WorkloadPilot   19: 4194304 op, 52486300.00 ns, 12.5137 ns/op
WorkloadPilot   20: 8388608 op, 106861700.00 ns, 12.7389 ns/op
WorkloadPilot   21: 16777216 op, 209927700.00 ns, 12.5127 ns/op
WorkloadPilot   22: 33554432 op, 418874100.00 ns, 12.4834 ns/op
WorkloadPilot   23: 67108864 op, 1025751600.00 ns, 15.2849 ns/op

OverheadWarmup   1: 67108864 op, 91513200.00 ns, 1.3637 ns/op
OverheadWarmup   2: 67108864 op, 89945500.00 ns, 1.3403 ns/op
OverheadWarmup   3: 67108864 op, 78560900.00 ns, 1.1706 ns/op
OverheadWarmup   4: 67108864 op, 66776200.00 ns, 0.9950 ns/op
OverheadWarmup   5: 67108864 op, 64833600.00 ns, 0.9661 ns/op
OverheadWarmup   6: 67108864 op, 65720600.00 ns, 0.9793 ns/op
OverheadWarmup   7: 67108864 op, 65044100.00 ns, 0.9692 ns/op
OverheadWarmup   8: 67108864 op, 63783900.00 ns, 0.9505 ns/op
OverheadWarmup   9: 67108864 op, 73119300.00 ns, 1.0896 ns/op
OverheadWarmup  10: 67108864 op, 69673200.00 ns, 1.0382 ns/op

OverheadActual   1: 67108864 op, 64515700.00 ns, 0.9614 ns/op
OverheadActual   2: 67108864 op, 65088900.00 ns, 0.9699 ns/op
OverheadActual   3: 67108864 op, 65215300.00 ns, 0.9718 ns/op
OverheadActual   4: 67108864 op, 64322300.00 ns, 0.9585 ns/op
OverheadActual   5: 67108864 op, 64835600.00 ns, 0.9661 ns/op
OverheadActual   6: 67108864 op, 65639900.00 ns, 0.9781 ns/op
OverheadActual   7: 67108864 op, 66729600.00 ns, 0.9943 ns/op
OverheadActual   8: 67108864 op, 64397900.00 ns, 0.9596 ns/op
OverheadActual   9: 67108864 op, 65651200.00 ns, 0.9783 ns/op
OverheadActual  10: 67108864 op, 66015200.00 ns, 0.9837 ns/op
OverheadActual  11: 67108864 op, 67300600.00 ns, 1.0029 ns/op
OverheadActual  12: 67108864 op, 67593600.00 ns, 1.0072 ns/op
OverheadActual  13: 67108864 op, 67912600.00 ns, 1.0120 ns/op
OverheadActual  14: 67108864 op, 63754600.00 ns, 0.9500 ns/op
OverheadActual  15: 67108864 op, 63402300.00 ns, 0.9448 ns/op

WorkloadWarmup   1: 67108864 op, 897616200.00 ns, 13.3755 ns/op
WorkloadWarmup   2: 67108864 op, 854840100.00 ns, 12.7381 ns/op
WorkloadWarmup   3: 67108864 op, 835934800.00 ns, 12.4564 ns/op

// BeforeActualRun
WorkloadActual   1: 67108864 op, 892725800.00 ns, 13.3027 ns/op
WorkloadActual   2: 67108864 op, 951249800.00 ns, 14.1747 ns/op
WorkloadActual   3: 67108864 op, 1081435400.00 ns, 16.1146 ns/op

// AfterActualRun
WorkloadResult   1: 67108864 op, 827510500.00 ns, 12.3309 ns/op
WorkloadResult   2: 67108864 op, 886034500.00 ns, 13.2029 ns/op
WorkloadResult   3: 67108864 op, 1016220100.00 ns, 15.1429 ns/op
// GC:  0 0 0 0 67108864
// Threading:  0 0 67108864

// AfterAll
// Benchmark Process 37372 has exited with code 0.

Mean = 13.559 ns, StdErr = 0.831 ns (6.13%), N = 3, StdDev = 1.439 ns
Min = 12.331 ns, Q1 = 12.767 ns, Median = 13.203 ns, Q3 = 14.173 ns, Max = 15.143 ns
IQR = 1.406 ns, LowerFence = 10.658 ns, UpperFence = 16.282 ns
ConfidenceInterval = [-12.701 ns; 39.819 ns] (CI 99.9%), Margin = 26.260 ns (193.67% of Mean)
Skewness = 0.23, Kurtosis = 0.67, MValue = 2

// ** Remained 3 (60,0 %) benchmark(s) to run. Estimated finish 2026-09-01 21:48 (0h 0m from now) **
Setup power plan (GUID: 8c5e7fda-e8bf-4a96-9a85-a6e23a8c635c FriendlyName: High performance)
// **************************
// Benchmark: DispatchBenchmarks.Mediana_Query: ShortRun(IterationCount=3, LaunchCount=1, WarmupCount=3)
// *** Execute ***
// Launch: 1 / 1
// Execute: dotnet Mediana.Benchmarks-ShortRun-1.dll --anonymousPipes 2052 2040 --benchmarkName Mediana.Benchmarks.DispatchBenchmarks.Mediana_Query --job ShortRun --benchmarkId 2 in F:\Projects\Mediana\benchmarks\Mediana.Benchmarks\bin\Release\net10.0\Mediana.Benchmarks-ShortRun-1\bin\Release\net10.0
// BeforeAnythingElse

// Benchmark Process Environment Information:
// BenchmarkDotNet v0.15.8
// Runtime=.NET 10.0.10 (10.0.10, 10.0.1026.32716), X64 RyuJIT x86-64-v4
// GC=Concurrent Workstation
// HardwareIntrinsics=AVX512 BITALG+VBMI2+VNNI+VPOPCNTDQ,AVX512 IFMA+VBMI,AVX512 F+BW+CD+DQ+VL,AVX2+BMI1+BMI2+F16C+FMA+LZCNT+MOVBE,AVX,SSE3+SSSE3+SSE4.1+SSE4.2+POPCNT,X86Base+SSE+SSE2,AES+PCLMUL,AvxVnni VectorSize=256
// Job: ShortRun(IterationCount=3, LaunchCount=1, WarmupCount=3)

OverheadJitting  1: 1 op, 136200.00 ns, 136.2000 us/op
WorkloadJitting  1: 1 op, 2028300.00 ns, 2.0283 ms/op

OverheadJitting  2: 16 op, 232300.00 ns, 14.5188 us/op
WorkloadJitting  2: 16 op, 223100.00 ns, 13.9438 us/op

WorkloadPilot    1: 16 op, 3500.00 ns, 218.7500 ns/op
WorkloadPilot    2: 32 op, 2800.00 ns, 87.5000 ns/op
WorkloadPilot    3: 64 op, 5200.00 ns, 81.2500 ns/op
WorkloadPilot    4: 128 op, 6700.00 ns, 52.3438 ns/op
WorkloadPilot    5: 256 op, 14700.00 ns, 57.4219 ns/op
WorkloadPilot    6: 512 op, 26800.00 ns, 52.3438 ns/op
WorkloadPilot    7: 1024 op, 54300.00 ns, 53.0273 ns/op
WorkloadPilot    8: 2048 op, 109600.00 ns, 53.5156 ns/op
WorkloadPilot    9: 4096 op, 208800.00 ns, 50.9766 ns/op
WorkloadPilot   10: 8192 op, 507800.00 ns, 61.9873 ns/op
WorkloadPilot   11: 16384 op, 994200.00 ns, 60.6812 ns/op
WorkloadPilot   12: 32768 op, 1808500.00 ns, 55.1910 ns/op
WorkloadPilot   13: 65536 op, 3657100.00 ns, 55.8029 ns/op
WorkloadPilot   14: 131072 op, 7284900.00 ns, 55.5794 ns/op
WorkloadPilot   15: 262144 op, 14388600.00 ns, 54.8882 ns/op
WorkloadPilot   16: 524288 op, 28643600.00 ns, 54.6333 ns/op
WorkloadPilot   17: 1048576 op, 57349900.00 ns, 54.6931 ns/op
WorkloadPilot   18: 2097152 op, 86733400.00 ns, 41.3577 ns/op
WorkloadPilot   19: 4194304 op, 39372200.00 ns, 9.3871 ns/op
WorkloadPilot   20: 8388608 op, 78523000.00 ns, 9.3607 ns/op
WorkloadPilot   21: 16777216 op, 157346700.00 ns, 9.3786 ns/op
WorkloadPilot   22: 33554432 op, 313702800.00 ns, 9.3491 ns/op
WorkloadPilot   23: 67108864 op, 628135600.00 ns, 9.3599 ns/op

OverheadWarmup   1: 67108864 op, 89377500.00 ns, 1.3318 ns/op
OverheadWarmup   2: 67108864 op, 88962300.00 ns, 1.3256 ns/op
OverheadWarmup   3: 67108864 op, 76747400.00 ns, 1.1436 ns/op
OverheadWarmup   4: 67108864 op, 62660200.00 ns, 0.9337 ns/op
OverheadWarmup   5: 67108864 op, 62027500.00 ns, 0.9243 ns/op
OverheadWarmup   6: 67108864 op, 61886500.00 ns, 0.9222 ns/op
OverheadWarmup   7: 67108864 op, 62955800.00 ns, 0.9381 ns/op
OverheadWarmup   8: 67108864 op, 62485900.00 ns, 0.9311 ns/op
OverheadWarmup   9: 67108864 op, 61813100.00 ns, 0.9211 ns/op
OverheadWarmup  10: 67108864 op, 62621900.00 ns, 0.9331 ns/op

OverheadActual   1: 67108864 op, 62473000.00 ns, 0.9309 ns/op
OverheadActual   2: 67108864 op, 62024800.00 ns, 0.9242 ns/op
OverheadActual   3: 67108864 op, 62228900.00 ns, 0.9273 ns/op
OverheadActual   4: 67108864 op, 66944400.00 ns, 0.9975 ns/op
OverheadActual   5: 67108864 op, 67023700.00 ns, 0.9987 ns/op
OverheadActual   6: 67108864 op, 62712000.00 ns, 0.9345 ns/op
OverheadActual   7: 67108864 op, 62801400.00 ns, 0.9358 ns/op
OverheadActual   8: 67108864 op, 61910900.00 ns, 0.9225 ns/op
OverheadActual   9: 67108864 op, 62025000.00 ns, 0.9242 ns/op
OverheadActual  10: 67108864 op, 61948600.00 ns, 0.9231 ns/op
OverheadActual  11: 67108864 op, 61996900.00 ns, 0.9238 ns/op
OverheadActual  12: 67108864 op, 62265000.00 ns, 0.9278 ns/op
OverheadActual  13: 67108864 op, 70480100.00 ns, 1.0502 ns/op
OverheadActual  14: 67108864 op, 64983300.00 ns, 0.9683 ns/op
OverheadActual  15: 67108864 op, 64560500.00 ns, 0.9620 ns/op

WorkloadWarmup   1: 67108864 op, 670503800.00 ns, 9.9913 ns/op
WorkloadWarmup   2: 67108864 op, 669379400.00 ns, 9.9745 ns/op
WorkloadWarmup   3: 67108864 op, 663943700.00 ns, 9.8935 ns/op

// BeforeActualRun
WorkloadActual   1: 67108864 op, 739801300.00 ns, 11.0239 ns/op
WorkloadActual   2: 67108864 op, 679901500.00 ns, 10.1313 ns/op
WorkloadActual   3: 67108864 op, 745638700.00 ns, 11.1109 ns/op

// AfterActualRun
WorkloadResult   1: 67108864 op, 677328300.00 ns, 10.0930 ns/op
WorkloadResult   2: 67108864 op, 617428500.00 ns, 9.2004 ns/op
WorkloadResult   3: 67108864 op, 683165700.00 ns, 10.1800 ns/op
// GC:  0 0 0 0 67108864
// Threading:  0 0 67108864

// AfterAll
// Benchmark Process 72304 has exited with code 0.

Mean = 9.824 ns, StdErr = 0.313 ns (3.19%), N = 3, StdDev = 0.542 ns
Min = 9.200 ns, Q1 = 9.647 ns, Median = 10.093 ns, Q3 = 10.136 ns, Max = 10.180 ns
IQR = 0.490 ns, LowerFence = 8.912 ns, UpperFence = 10.871 ns
ConfidenceInterval = [-0.067 ns; 19.716 ns] (CI 99.9%), Margin = 9.892 ns (100.68% of Mean)
Skewness = -0.37, Kurtosis = 0.67, MValue = 2

// ** Remained 2 (40,0 %) benchmark(s) to run. Estimated finish 2026-09-01 21:48 (0h 0m from now) **
Setup power plan (GUID: 8c5e7fda-e8bf-4a96-9a85-a6e23a8c635c FriendlyName: High performance)
// **************************
// Benchmark: DispatchBenchmarks.MediatR_Publish: ShortRun(IterationCount=3, LaunchCount=1, WarmupCount=3)
// *** Execute ***
// Launch: 1 / 1
// Execute: dotnet Mediana.Benchmarks-ShortRun-1.dll --anonymousPipes 1596 1992 --benchmarkName Mediana.Benchmarks.DispatchBenchmarks.MediatR_Publish --job ShortRun --benchmarkId 3 in F:\Projects\Mediana\benchmarks\Mediana.Benchmarks\bin\Release\net10.0\Mediana.Benchmarks-ShortRun-1\bin\Release\net10.0
// BeforeAnythingElse

// Benchmark Process Environment Information:
// BenchmarkDotNet v0.15.8
// Runtime=.NET 10.0.10 (10.0.10, 10.0.1026.32716), X64 RyuJIT x86-64-v4
// GC=Concurrent Workstation
// HardwareIntrinsics=AVX512 BITALG+VBMI2+VNNI+VPOPCNTDQ,AVX512 IFMA+VBMI,AVX512 F+BW+CD+DQ+VL,AVX2+BMI1+BMI2+F16C+FMA+LZCNT+MOVBE,AVX,SSE3+SSSE3+SSE4.1+SSE4.2+POPCNT,X86Base+SSE+SSE2,AES+PCLMUL,AvxVnni VectorSize=256
// Job: ShortRun(IterationCount=3, LaunchCount=1, WarmupCount=3)

OverheadJitting  1: 1 op, 128500.00 ns, 128.5000 us/op
WorkloadJitting  1: 1 op, 2257500.00 ns, 2.2575 ms/op

OverheadJitting  2: 16 op, 184200.00 ns, 11.5125 us/op
WorkloadJitting  2: 16 op, 976600.00 ns, 61.0375 us/op

WorkloadPilot    1: 16 op, 39000.00 ns, 2.4375 us/op
WorkloadPilot    2: 32 op, 70000.00 ns, 2.1875 us/op
WorkloadPilot    3: 64 op, 81000.00 ns, 1.2656 us/op
WorkloadPilot    4: 128 op, 183300.00 ns, 1.4320 us/op
WorkloadPilot    5: 256 op, 372100.00 ns, 1.4535 us/op
WorkloadPilot    6: 512 op, 369000.00 ns, 720.7031 ns/op
WorkloadPilot    7: 1024 op, 719200.00 ns, 702.3438 ns/op
WorkloadPilot    8: 2048 op, 1621800.00 ns, 791.8945 ns/op
WorkloadPilot    9: 4096 op, 3330100.00 ns, 813.0127 ns/op
WorkloadPilot   10: 8192 op, 6075400.00 ns, 741.6260 ns/op
WorkloadPilot   11: 16384 op, 12399200.00 ns, 756.7871 ns/op
WorkloadPilot   12: 32768 op, 22688900.00 ns, 692.4103 ns/op
WorkloadPilot   13: 65536 op, 40830500.00 ns, 623.0240 ns/op
WorkloadPilot   14: 131072 op, 75141800.00 ns, 573.2864 ns/op
WorkloadPilot   15: 262144 op, 75213100.00 ns, 286.9152 ns/op
WorkloadPilot   16: 524288 op, 78650400.00 ns, 150.0137 ns/op
WorkloadPilot   17: 1048576 op, 162307600.00 ns, 154.7886 ns/op
WorkloadPilot   18: 2097152 op, 320503700.00 ns, 152.8281 ns/op
WorkloadPilot   19: 4194304 op, 623837600.00 ns, 148.7345 ns/op

OverheadWarmup   1: 4194304 op, 5607400.00 ns, 1.3369 ns/op
OverheadWarmup   2: 4194304 op, 5683000.00 ns, 1.3549 ns/op
OverheadWarmup   3: 4194304 op, 5571800.00 ns, 1.3284 ns/op
OverheadWarmup   4: 4194304 op, 5576800.00 ns, 1.3296 ns/op
OverheadWarmup   5: 4194304 op, 5591300.00 ns, 1.3331 ns/op
OverheadWarmup   6: 4194304 op, 5675100.00 ns, 1.3530 ns/op
OverheadWarmup   7: 4194304 op, 5624300.00 ns, 1.3409 ns/op

OverheadActual   1: 4194304 op, 5602300.00 ns, 1.3357 ns/op
OverheadActual   2: 4194304 op, 5575400.00 ns, 1.3293 ns/op
OverheadActual   3: 4194304 op, 5601700.00 ns, 1.3355 ns/op
OverheadActual   4: 4194304 op, 5585200.00 ns, 1.3316 ns/op
OverheadActual   5: 4194304 op, 5590700.00 ns, 1.3329 ns/op
OverheadActual   6: 4194304 op, 5608100.00 ns, 1.3371 ns/op
OverheadActual   7: 4194304 op, 5644300.00 ns, 1.3457 ns/op
OverheadActual   8: 4194304 op, 5588500.00 ns, 1.3324 ns/op
OverheadActual   9: 4194304 op, 5569000.00 ns, 1.3278 ns/op
OverheadActual  10: 4194304 op, 5554400.00 ns, 1.3243 ns/op
OverheadActual  11: 4194304 op, 5545900.00 ns, 1.3222 ns/op
OverheadActual  12: 4194304 op, 5562100.00 ns, 1.3261 ns/op
OverheadActual  13: 4194304 op, 5586200.00 ns, 1.3319 ns/op
OverheadActual  14: 4194304 op, 5573100.00 ns, 1.3287 ns/op
OverheadActual  15: 4194304 op, 5575500.00 ns, 1.3293 ns/op

WorkloadWarmup   1: 4194304 op, 642762800.00 ns, 153.2466 ns/op
WorkloadWarmup   2: 4194304 op, 648876500.00 ns, 154.7042 ns/op
WorkloadWarmup   3: 4194304 op, 665939200.00 ns, 158.7723 ns/op

// BeforeActualRun
WorkloadActual   1: 4194304 op, 744775200.00 ns, 177.5682 ns/op
WorkloadActual   2: 4194304 op, 718277900.00 ns, 171.2508 ns/op
WorkloadActual   3: 4194304 op, 747637000.00 ns, 178.2506 ns/op

// AfterActualRun
WorkloadResult   1: 4194304 op, 739190000.00 ns, 176.2366 ns/op
WorkloadResult   2: 4194304 op, 712692700.00 ns, 169.9192 ns/op
WorkloadResult   3: 4194304 op, 742051800.00 ns, 176.9189 ns/op
// GC:  86 0 0 4328521728 4194304
// Threading:  0 0 4194304

// AfterAll
// Benchmark Process 76040 has exited with code 0.

Mean = 174.358 ns, StdErr = 2.228 ns (1.28%), N = 3, StdDev = 3.859 ns
Min = 169.919 ns, Q1 = 173.078 ns, Median = 176.237 ns, Q3 = 176.578 ns, Max = 176.919 ns
IQR = 3.500 ns, LowerFence = 167.828 ns, UpperFence = 181.828 ns
ConfidenceInterval = [103.947 ns; 244.769 ns] (CI 99.9%), Margin = 70.411 ns (40.38% of Mean)
Skewness = -0.37, Kurtosis = 0.67, MValue = 2

// ** Remained 1 (20,0 %) benchmark(s) to run. Estimated finish 2026-09-01 21:48 (0h 0m from now) **
Setup power plan (GUID: 8c5e7fda-e8bf-4a96-9a85-a6e23a8c635c FriendlyName: High performance)
// **************************
// Benchmark: DispatchBenchmarks.Mediana_Publish: ShortRun(IterationCount=3, LaunchCount=1, WarmupCount=3)
// *** Execute ***
// Launch: 1 / 1
// Execute: dotnet Mediana.Benchmarks-ShortRun-1.dll --anonymousPipes 1604 1900 --benchmarkName Mediana.Benchmarks.DispatchBenchmarks.Mediana_Publish --job ShortRun --benchmarkId 4 in F:\Projects\Mediana\benchmarks\Mediana.Benchmarks\bin\Release\net10.0\Mediana.Benchmarks-ShortRun-1\bin\Release\net10.0
// BeforeAnythingElse

// Benchmark Process Environment Information:
// BenchmarkDotNet v0.15.8
// Runtime=.NET 10.0.10 (10.0.10, 10.0.1026.32716), X64 RyuJIT x86-64-v4
// GC=Concurrent Workstation
// HardwareIntrinsics=AVX512 BITALG+VBMI2+VNNI+VPOPCNTDQ,AVX512 IFMA+VBMI,AVX512 F+BW+CD+DQ+VL,AVX2+BMI1+BMI2+F16C+FMA+LZCNT+MOVBE,AVX,SSE3+SSSE3+SSE4.1+SSE4.2+POPCNT,X86Base+SSE+SSE2,AES+PCLMUL,AvxVnni VectorSize=256
// Job: ShortRun(IterationCount=3, LaunchCount=1, WarmupCount=3)

OverheadJitting  1: 1 op, 110400.00 ns, 110.4000 us/op
WorkloadJitting  1: 1 op, 2207100.00 ns, 2.2071 ms/op

OverheadJitting  2: 16 op, 168400.00 ns, 10.5250 us/op
WorkloadJitting  2: 16 op, 144600.00 ns, 9.0375 us/op

WorkloadPilot    1: 16 op, 4500.00 ns, 281.2500 ns/op
WorkloadPilot    2: 32 op, 5200.00 ns, 162.5000 ns/op
WorkloadPilot    3: 64 op, 7800.00 ns, 121.8750 ns/op
WorkloadPilot    4: 128 op, 18300.00 ns, 142.9688 ns/op
WorkloadPilot    5: 256 op, 29900.00 ns, 116.7969 ns/op
WorkloadPilot    6: 512 op, 62200.00 ns, 121.4844 ns/op
WorkloadPilot    7: 1024 op, 118400.00 ns, 115.6250 ns/op
WorkloadPilot    8: 2048 op, 235500.00 ns, 114.9902 ns/op
WorkloadPilot    9: 4096 op, 565700.00 ns, 138.1104 ns/op
WorkloadPilot   10: 8192 op, 1130700.00 ns, 138.0249 ns/op
WorkloadPilot   11: 16384 op, 2175300.00 ns, 132.7698 ns/op
WorkloadPilot   12: 32768 op, 3957600.00 ns, 120.7764 ns/op
WorkloadPilot   13: 65536 op, 7797400.00 ns, 118.9789 ns/op
WorkloadPilot   14: 131072 op, 15449100.00 ns, 117.8673 ns/op
WorkloadPilot   15: 262144 op, 30732200.00 ns, 117.2340 ns/op
WorkloadPilot   16: 524288 op, 61503600.00 ns, 117.3088 ns/op
WorkloadPilot   17: 1048576 op, 77984200.00 ns, 74.3715 ns/op
WorkloadPilot   18: 2097152 op, 43702000.00 ns, 20.8387 ns/op
WorkloadPilot   19: 4194304 op, 87372800.00 ns, 20.8313 ns/op
WorkloadPilot   20: 8388608 op, 175971000.00 ns, 20.9774 ns/op
WorkloadPilot   21: 16777216 op, 349787100.00 ns, 20.8489 ns/op
WorkloadPilot   22: 33554432 op, 706347600.00 ns, 21.0508 ns/op

OverheadWarmup   1: 33554432 op, 45486700.00 ns, 1.3556 ns/op
OverheadWarmup   2: 33554432 op, 45208500.00 ns, 1.3473 ns/op
OverheadWarmup   3: 33554432 op, 44830100.00 ns, 1.3360 ns/op
OverheadWarmup   4: 33554432 op, 45387400.00 ns, 1.3526 ns/op
OverheadWarmup   5: 33554432 op, 45286300.00 ns, 1.3496 ns/op
OverheadWarmup   6: 33554432 op, 45303500.00 ns, 1.3501 ns/op
OverheadWarmup   7: 33554432 op, 42040000.00 ns, 1.2529 ns/op

OverheadActual   1: 33554432 op, 32251800.00 ns, 0.9612 ns/op
OverheadActual   2: 33554432 op, 31920400.00 ns, 0.9513 ns/op
OverheadActual   3: 33554432 op, 32457800.00 ns, 0.9673 ns/op
OverheadActual   4: 33554432 op, 32476100.00 ns, 0.9679 ns/op
OverheadActual   5: 33554432 op, 32329700.00 ns, 0.9635 ns/op
OverheadActual   6: 33554432 op, 31848600.00 ns, 0.9492 ns/op
OverheadActual   7: 33554432 op, 32014400.00 ns, 0.9541 ns/op
OverheadActual   8: 33554432 op, 32174800.00 ns, 0.9589 ns/op
OverheadActual   9: 33554432 op, 32160700.00 ns, 0.9585 ns/op
OverheadActual  10: 33554432 op, 31947900.00 ns, 0.9521 ns/op
OverheadActual  11: 33554432 op, 32160400.00 ns, 0.9585 ns/op
OverheadActual  12: 33554432 op, 32153300.00 ns, 0.9582 ns/op
OverheadActual  13: 33554432 op, 32196100.00 ns, 0.9595 ns/op
OverheadActual  14: 33554432 op, 32134900.00 ns, 0.9577 ns/op
OverheadActual  15: 33554432 op, 32415300.00 ns, 0.9661 ns/op

WorkloadWarmup   1: 33554432 op, 713021100.00 ns, 21.2497 ns/op
WorkloadWarmup   2: 33554432 op, 755538600.00 ns, 22.5168 ns/op
WorkloadWarmup   3: 33554432 op, 727504700.00 ns, 21.6813 ns/op

// BeforeActualRun
WorkloadActual   1: 33554432 op, 721677900.00 ns, 21.5077 ns/op
WorkloadActual   2: 33554432 op, 812847800.00 ns, 24.2248 ns/op
WorkloadActual   3: 33554432 op, 739250600.00 ns, 22.0314 ns/op

// AfterActualRun
WorkloadResult   1: 33554432 op, 689517200.00 ns, 20.5492 ns/op
WorkloadResult   2: 33554432 op, 780687100.00 ns, 23.2663 ns/op
WorkloadResult   3: 33554432 op, 707089900.00 ns, 21.0729 ns/op
// GC:  0 0 0 0 33554432
// Threading:  0 0 33554432

// AfterAll
// Benchmark Process 46152 has exited with code 0.

Mean = 21.629 ns, StdErr = 0.832 ns (3.85%), N = 3, StdDev = 1.442 ns
Min = 20.549 ns, Q1 = 20.811 ns, Median = 21.073 ns, Q3 = 22.170 ns, Max = 23.266 ns
IQR = 1.359 ns, LowerFence = 18.773 ns, UpperFence = 24.207 ns
ConfidenceInterval = [-4.669 ns; 47.928 ns] (CI 99.9%), Margin = 26.298 ns (121.59% of Mean)
Skewness = 0.33, Kurtosis = 0.67, MValue = 2

// ** Remained 0 (0,0 %) benchmark(s) to run. Estimated finish 2026-09-01 21:48 (0h 0m from now) **
Successfully reverted power plan (GUID: 381b4222-f694-41f0-9685-ff5bb260df2e FriendlyName: Balanced)
// ***** BenchmarkRunner: Finish  *****

// * Export *
  BenchmarkDotNet.Artifacts\results\Mediana.Benchmarks.DispatchBenchmarks-report.csv
  BenchmarkDotNet.Artifacts\results\Mediana.Benchmarks.DispatchBenchmarks-report-github.md
  BenchmarkDotNet.Artifacts\results\Mediana.Benchmarks.DispatchBenchmarks-report.html

// * Detailed results *
DispatchBenchmarks.MediatR_Send: ShortRun(IterationCount=3, LaunchCount=1, WarmupCount=3)
Runtime = .NET 10.0.10 (10.0.10, 10.0.1026.32716), X64 RyuJIT x86-64-v4; GC = Concurrent Workstation
Mean = 100.306 ns, StdErr = 5.357 ns (5.34%), N = 3, StdDev = 9.279 ns
Min = 89.784 ns, Q1 = 96.800 ns, Median = 103.817 ns, Q3 = 105.567 ns, Max = 107.318 ns
IQR = 8.767 ns, LowerFence = 83.650 ns, UpperFence = 118.718 ns
ConfidenceInterval = [-68.981 ns; 269.593 ns] (CI 99.9%), Margin = 169.287 ns (168.77% of Mean)
Skewness = -0.32, Kurtosis = 0.67, MValue = 2
-------------------- Histogram --------------------
[81.339 ns ;  97.123 ns) | @
[97.123 ns ; 115.762 ns) | @@
---------------------------------------------------

DispatchBenchmarks.Mediana_Send: ShortRun(IterationCount=3, LaunchCount=1, WarmupCount=3)
Runtime = .NET 10.0.10 (10.0.10, 10.0.1026.32716), X64 RyuJIT x86-64-v4; GC = Concurrent Workstation
Mean = 13.559 ns, StdErr = 0.831 ns (6.13%), N = 3, StdDev = 1.439 ns
Min = 12.331 ns, Q1 = 12.767 ns, Median = 13.203 ns, Q3 = 14.173 ns, Max = 15.143 ns
IQR = 1.406 ns, LowerFence = 10.658 ns, UpperFence = 16.282 ns
ConfidenceInterval = [-12.701 ns; 39.819 ns] (CI 99.9%), Margin = 26.260 ns (193.67% of Mean)
Skewness = 0.23, Kurtosis = 0.67, MValue = 2
-------------------- Histogram --------------------
[11.457 ns ; 14.077 ns) | @@
[14.077 ns ; 16.453 ns) | @
---------------------------------------------------

DispatchBenchmarks.Mediana_Query: ShortRun(IterationCount=3, LaunchCount=1, WarmupCount=3)
Runtime = .NET 10.0.10 (10.0.10, 10.0.1026.32716), X64 RyuJIT x86-64-v4; GC = Concurrent Workstation
Mean = 9.824 ns, StdErr = 0.313 ns (3.19%), N = 3, StdDev = 0.542 ns
Min = 9.200 ns, Q1 = 9.647 ns, Median = 10.093 ns, Q3 = 10.136 ns, Max = 10.180 ns
IQR = 0.490 ns, LowerFence = 8.912 ns, UpperFence = 10.871 ns
ConfidenceInterval = [-0.067 ns; 19.716 ns] (CI 99.9%), Margin = 9.892 ns (100.68% of Mean)
Skewness = -0.37, Kurtosis = 0.67, MValue = 2
-------------------- Histogram --------------------
[9.197 ns ; 10.184 ns) | @@@
---------------------------------------------------

DispatchBenchmarks.MediatR_Publish: ShortRun(IterationCount=3, LaunchCount=1, WarmupCount=3)
Runtime = .NET 10.0.10 (10.0.10, 10.0.1026.32716), X64 RyuJIT x86-64-v4; GC = Concurrent Workstation
Mean = 174.358 ns, StdErr = 2.228 ns (1.28%), N = 3, StdDev = 3.859 ns
Min = 169.919 ns, Q1 = 173.078 ns, Median = 176.237 ns, Q3 = 176.578 ns, Max = 176.919 ns
IQR = 3.500 ns, LowerFence = 167.828 ns, UpperFence = 181.828 ns
ConfidenceInterval = [103.947 ns; 244.769 ns] (CI 99.9%), Margin = 70.411 ns (40.38% of Mean)
Skewness = -0.37, Kurtosis = 0.67, MValue = 2
-------------------- Histogram --------------------
[169.907 ns ; 176.931 ns) | @@@
---------------------------------------------------

DispatchBenchmarks.Mediana_Publish: ShortRun(IterationCount=3, LaunchCount=1, WarmupCount=3)
Runtime = .NET 10.0.10 (10.0.10, 10.0.1026.32716), X64 RyuJIT x86-64-v4; GC = Concurrent Workstation
Mean = 21.629 ns, StdErr = 0.832 ns (3.85%), N = 3, StdDev = 1.442 ns
Min = 20.549 ns, Q1 = 20.811 ns, Median = 21.073 ns, Q3 = 22.170 ns, Max = 23.266 ns
IQR = 1.359 ns, LowerFence = 18.773 ns, UpperFence = 24.207 ns
ConfidenceInterval = [-4.669 ns; 47.928 ns] (CI 99.9%), Margin = 26.298 ns (121.59% of Mean)
Skewness = 0.33, Kurtosis = 0.67, MValue = 2
-------------------- Histogram --------------------
[19.237 ns ; 22.123 ns) | @@
[22.123 ns ; 24.578 ns) | @
---------------------------------------------------

// * Summary *

BenchmarkDotNet v0.15.8, Windows 11 (10.0.26200.9168/25H2/2025Update/HudsonValley2)
AMD Ryzen 9 9950X3D 4.30GHz, 1 CPU, 32 logical and 16 physical cores
.NET SDK 10.0.302
  [Host]   : .NET 10.0.10 (10.0.10, 10.0.1026.32716), X64 RyuJIT x86-64-v4
  ShortRun : .NET 10.0.10 (10.0.10, 10.0.1026.32716), X64 RyuJIT x86-64-v4

Job=ShortRun  IterationCount=3  LaunchCount=1  
WarmupCount=3  

| Method          | Mean       | Error      | StdDev    | Ratio | RatioSD | Gen0   | Allocated | Alloc Ratio |
|---------------- |-----------:|-----------:|----------:|------:|--------:|-------:|----------:|------------:|
| MediatR_Send    | 100.306 ns | 169.287 ns | 9.2792 ns |  1.01 |    0.12 | 0.0101 |     512 B |        1.00 |
| Mediana_Send    |  13.559 ns |  26.260 ns | 1.4394 ns |  0.14 |    0.02 |      - |         - |        0.00 |
| Mediana_Query   |   9.824 ns |   9.892 ns | 0.5422 ns |  0.10 |    0.01 |      - |         - |        0.00 |
| MediatR_Publish | 174.358 ns |  70.411 ns | 3.8595 ns |  1.75 |    0.15 | 0.0205 |    1032 B |        2.02 |
| Mediana_Publish |  21.629 ns |  26.298 ns | 1.4415 ns |  0.22 |    0.02 |      - |         - |        0.00 |

// * Legends *
  Mean        : Arithmetic mean of all measurements
  Error       : Half of 99.9% confidence interval
  StdDev      : Standard deviation of all measurements
  Ratio       : Mean of the ratio distribution ([Current]/[Baseline])
  RatioSD     : Standard deviation of the ratio distribution ([Current]/[Baseline])
  Gen0        : GC Generation 0 collects per 1000 operations
  Allocated   : Allocated memory per single operation (managed only, inclusive, 1KB = 1024B)
  Alloc Ratio : Allocated memory ratio distribution ([Current]/[Baseline])
  1 ns        : 1 Nanosecond (0.000000001 sec)

// * Diagnostic Output - MemoryDiagnoser *


// ***** BenchmarkRunner: End *****
Run time: 00:00:41 (41.06 sec), executed benchmarks: 5

Global total time: 00:00:48 (48.96 sec), executed benchmarks: 5
// * Artifacts cleanup *
Artifacts cleanup is finished
